]0;/stor/home/amd5355/Website]0;amd5355@educcomp01: ~/Website[01;32mamd5355@educcomp01[00m:[01;34m~/Website[00m$ [K]0;amd5355@educcomp01: ~/Website[01;32mamd5355@educcomp01[00m:[01;34m~/Website[00m$ git --version
git version 2.17.1
]0;/stor/home/amd5355/Website]0;amd5355@educcomp01: ~/Website[01;32mamd5355@educcomp01[00m:[01;34m~/Website[00m$ cd ~/Desktop/PROJECT_DIRECTORY_NAME #iif you haven't already
bash: cd: /stor/home/amd5355/Desktop/PROJECT_DIRECTORY_NAME: No such file or directory
]0;/stor/home/amd5355/Website]0;amd5355@educcomp01: ~/Website[01;32mamd5355@educcomp01[00m:[01;34m~/Website[00m$ 
]0;/stor/home/amd5355/Website]0;amd5355@educcomp01: ~/Website[01;32mamd5355@educcomp01[00m:[01;34m~/Website[00m$ git init #initialize local git resposiitory
 in repository to be uploaded
git commit -m "first website commit"
git remote add origin https://github.com/USERNAME/WEBSITE_REPOSITORY.git #re
git push origin masterInitialized empty Git repository in /stor/home/amd5355/Website/.git/
]0;/stor/home/amd5355/Website]0;amd5355@educcomp01: ~/Website[01;32mamd5355@educcomp01[00m:[01;34m~/Website[00m$ git add . #add all files in repositoryy to be uploaded
]0;/stor/home/amd5355/Website]0;amd5355@educcomp01: ~/Website[01;32mamd5355@educcomp01[00m:[01;34m~/Website[00m$ git commit -m "first website commit"
[master (root-commit) 462f687] first website commit
 Committer: Ana Dandy <amd5355@educcomp01.ccbb.utexas.edu>
Your name and email address were configured automatically based
on your username and hostname. Please check that they are accurate.
You can suppress this message by setting them explicitly. Run the
following command and follow the instructions in your editor to edit
your configuration file:

    git config --global --edit

After doing this, you may fix the identity used for this commit with:

    git commit --amend --reset-author

 168 files changed, 214504 insertions(+)
 create mode 100644 .Rproj.user/EE177046/console06/AEB98938
 create mode 100644 .Rproj.user/EE177046/console06/AEB98938.env
 create mode 100644 .Rproj.user/EE177046/console06/INDEX001
 create mode 100644 .Rproj.user/EE177046/sources/prop/22E98A03
 create mode 100644 .Rproj.user/EE177046/sources/prop/3813880C
 create mode 100644 .Rproj.user/EE177046/sources/prop/6C5BA8F9
 create mode 100644 .Rproj.user/EE177046/sources/prop/AC3C1B29
 create mode 100644 .Rproj.user/EE177046/sources/prop/BCA7BC8B
 create mode 100644 .Rproj.user/EE177046/sources/prop/CE5E5068
 create mode 100644 .Rproj.user/EE177046/sources/prop/INDEX
 create mode 100644 .Rproj.user/EE177046/sources/s-4a1472df/1370CBCA-contents
 create mode 100644 .Rproj.user/EE177046/sources/s-4a1472df/2F9EEC38
 create mode 100644 .Rproj.user/EE177046/sources/s-4a1472df/2F9EEC38-contents
 create mode 100644 .Rproj.user/EE177046/sources/s-4a1472df/6B97AB02
 create mode 100644 .Rproj.user/EE177046/sources/s-4a1472df/6B97AB02-contents
 create mode 100644 .Rproj.user/EE177046/sources/s-4a1472df/71DBCF29
 create mode 100644 .Rproj.user/EE177046/sources/s-4a1472df/71DBCF29-contents
 create mode 100644 .Rproj.user/EE177046/sources/s-4a1472df/85584CE5
 create mode 100644 .Rproj.user/EE177046/sources/s-4a1472df/85584CE5-contents
 create mode 100644 .Rproj.user/EE177046/sources/s-4a1472df/85AE13DF
 create mode 100644 .Rproj.user/EE177046/sources/s-4a1472df/85AE13DF-contents
 create mode 100644 .Rproj.user/EE177046/sources/s-4a1472df/90E0AD09
 create mode 100644 .Rproj.user/EE177046/sources/s-4a1472df/90E0AD09-contents
 create mode 100644 .Rproj.user/EE177046/sources/s-4a1472df/lock_file
 create mode 100644 .Rproj.user/shared/notebooks/patch-chunk-names
 create mode 100644 .Rproj.user/shared/notebooks/paths
 create mode 100644 Website.Rproj
 create mode 100644 config.toml
 create mode 100644 content/NCHS.csv
 create mode 100644 content/act_district_data_class_2017.csv
 create mode 100644 content/blog/2015-07-23-r-rmarkdown.Rmd
 create mode 100644 content/blog/2015-07-23-r-rmarkdown.html
 create mode 100644 content/blog/creating-a-new-theme.md
 create mode 100644 content/blog/goisforlovers.md
 create mode 100644 content/blog/hugoisforlovers.md
 create mode 100644 content/blog/migrate-from-jekyll.md
 create mode 100644 content/project1.Rmd
 create mode 100644 content/project1.html
 create mode 100644 content/project2.Rmd
 create mode 100644 content/project2.html
 create mode 100644 content/projects.md
 create mode 100644 content/sat_district_data_class_2017.csv
 create mode 100644 index.Rmd
 create mode 100644 public/404.html
 create mode 100644 public/NCHS.csv
 create mode 100644 public/act_district_data_class_2017.csv
 create mode 100644 public/blog/2015-07-23-r-rmarkdown.Rmd
 create mode 100644 public/blog/2015-07-23-r-rmarkdown/index.html
 create mode 100644 public/blog/2015-07-23-r-rmarkdown_files/figure-html/pie-1.png
 create mode 100644 public/blog/creating-a-new-theme/index.html
 create mode 100644 public/blog/goisforlovers/index.html
 create mode 100644 public/blog/hugoisforlovers/index.html
 create mode 100644 public/blog/index.html
 create mode 100644 public/blog/index.xml
 create mode 100644 public/blog/migrate-from-jekyll/index.html
 create mode 100644 public/categories/development/index.html
 create mode 100644 public/categories/development/index.xml
 create mode 100644 public/categories/golang/index.html
 create mode 100644 public/categories/golang/index.xml
 create mode 100644 public/categories/index.html
 create mode 100644 public/categories/index.xml
 create mode 100644 public/categories/projects/index.html
 create mode 100644 public/categories/projects/index.xml
 create mode 100644 public/categories/r/index.html
 create mode 100644 public/categories/r/index.xml
 create mode 100644 public/css/main.css
 create mode 100644 public/img/profile.png
 create mode 100644 public/img/profilepic.jpeg
 create mode 100644 public/index.html
 create mode 100644 public/index.xml
 create mode 100644 public/js/docs.min.js
 create mode 100644 public/js/ie10-viewport-bug-workaround.js
 create mode 100644 public/js/main.js
 create mode 100644 public/project1.Rmd
 create mode 100644 public/project1/index.html
 create mode 100644 public/project1_files/figure-html/unnamed-chunk-5-1.png
 create mode 100644 public/project1_files/figure-html/unnamed-chunk-5-2.png
 create mode 100644 public/project1_files/figure-html/unnamed-chunk-5-3.png
 create mode 100644 public/project1_files/figure-html/unnamed-chunk-6-1.png
 create mode 100644 public/project1_files/figure-html/unnamed-chunk-6-2.png
 create mode 100644 public/project1_files/figure-html/unnamed-chunk-6-3.png
 create mode 100644 public/project2.Rmd
 create mode 100644 public/project2/index.html
 create mode 100644 public/project2_files/figure-html/unnamed-chunk-13-1.png
 create mode 100644 public/project2_files/figure-html/unnamed-chunk-14-1.png
 create mode 100644 public/project2_files/figure-html/unnamed-chunk-3-1.png
 create mode 100644 public/project2_files/figure-html/unnamed-chunk-3-2.png
 create mode 100644 public/project2_files/figure-html/unnamed-chunk-4-1.png
 create mode 100644 public/project2_files/figure-html/unnamed-chunk-5-1.png
 create mode 100644 public/project2_files/figure-html/unnamed-chunk-6-1.png
 create mode 100644 public/project2_files/figure-html/unnamed-chunk-7-1.png
 create mode 100644 public/project2_files/figure-html/unnamed-chunk-7-2.png
 create mode 100644 public/project2_files/figure-html/unnamed-chunk-7-3.png
 create mode 100644 public/projects/index.html
 create mode 100644 public/resume.pdf
 create mode 100644 public/sat_district_data_class_2017.csv
 create mode 100644 public/sitemap.xml
 create mode 100644 public/tags/development/index.html
 create mode 100644 public/tags/development/index.xml
 create mode 100644 public/tags/go/index.html
 create mode 100644 public/tags/go/index.xml
 create mode 100644 public/tags/golang/index.html
 create mode 100644 public/tags/golang/index.xml
 create mode 100644 public/tags/hugo/index.html
 create mode 100644 public/tags/hugo/index.xml
 create mode 100644 public/tags/index.html
 create mode 100644 public/tags/index.xml
 create mode 100644 public/tags/plot/index.html
 create mode 100644 public/tags/plot/index.xml
 create mode 100644 public/tags/projects/index.html
 create mode 100644 public/tags/projects/index.xml
 create mode 100644 public/tags/r-markdown/index.html
 create mode 100644 public/tags/r-markdown/index.xml
 create mode 100644 public/tags/regression/index.html
 create mode 100644 public/tags/regression/index.xml
 create mode 100644 public/tags/templates/index.html
 create mode 100644 public/tags/templates/index.xml
 create mode 100644 public/tags/themes/index.html
 create mode 100644 public/tags/themes/index.xml
 create mode 100644 static/blog/2015-07-23-r-rmarkdown_files/figure-html/pie-1.png
 create mode 100644 static/img/profile.png
 create mode 100644 static/img/profilepic.jpeg
 create mode 100644 static/project1_files/figure-html/unnamed-chunk-5-1.png
 create mode 100644 static/project1_files/figure-html/unnamed-chunk-5-2.png
 create mode 100644 static/project1_files/figure-html/unnamed-chunk-5-3.png
 create mode 100644 static/project1_files/figure-html/unnamed-chunk-6-1.png
 create mode 100644 static/project1_files/figure-html/unnamed-chunk-6-2.png
 create mode 100644 static/project1_files/figure-html/unnamed-chunk-6-3.png
 create mode 100644 static/project2_files/figure-html/unnamed-chunk-13-1.png
 create mode 100644 static/project2_files/figure-html/unnamed-chunk-14-1.png
 create mode 100644 static/project2_files/figure-html/unnamed-chunk-3-1.png
 create mode 100644 static/project2_files/figure-html/unnamed-chunk-3-2.png
 create mode 100644 static/project2_files/figure-html/unnamed-chunk-4-1.png
 create mode 100644 static/project2_files/figure-html/unnamed-chunk-5-1.png
 create mode 100644 static/project2_files/figure-html/unnamed-chunk-6-1.png
 create mode 100644 static/project2_files/figure-html/unnamed-chunk-7-1.png
 create mode 100644 static/project2_files/figure-html/unnamed-chunk-7-2.png
 create mode 100644 static/project2_files/figure-html/unnamed-chunk-7-3.png
 create mode 100644 static/resume.pdf
 create mode 100644 themes/hugo-sustain/LICENSE.md
 create mode 100644 themes/hugo-sustain/README.md
 create mode 100644 themes/hugo-sustain/archetypes/default.md
 create mode 100644 themes/hugo-sustain/exampleSite/config.toml
 create mode 100644 themes/hugo-sustain/exampleSite/content/blog/creating-a-new-theme.md
 create mode 100644 themes/hugo-sustain/exampleSite/content/blog/goisforlovers.md
 create mode 100644 themes/hugo-sustain/exampleSite/content/blog/hugoisforlovers.md
 create mode 100644 themes/hugo-sustain/exampleSite/content/blog/migrate-from-jekyll.md
 create mode 100644 themes/hugo-sustain/exampleSite/content/projects.md
 create mode 100644 themes/hugo-sustain/exampleSite/data/projects.yml
 create mode 100644 themes/hugo-sustain/exampleSite/static/img/profile.png
 create mode 100644 themes/hugo-sustain/images/screenshot.png
 create mode 100644 themes/hugo-sustain/images/tn.png
 create mode 100644 themes/hugo-sustain/layouts/404.html
 create mode 100644 themes/hugo-sustain/layouts/_default/list.html
 create mode 100644 themes/hugo-sustain/layouts/_default/projects.html
 create mode 100644 themes/hugo-sustain/layouts/_default/single.html
 create mode 100644 themes/hugo-sustain/layouts/index.html
 create mode 100644 themes/hugo-sustain/layouts/partials/disqus.html
 create mode 100644 themes/hugo-sustain/layouts/partials/footer.html
 create mode 100644 themes/hugo-sustain/layouts/partials/head.html
 create mode 100644 themes/hugo-sustain/layouts/partials/header.html
 create mode 100644 themes/hugo-sustain/layouts/partials/js.html
 create mode 100644 themes/hugo-sustain/layouts/partials/social.html
 create mode 100644 themes/hugo-sustain/static/css/main.css
 create mode 100644 themes/hugo-sustain/static/js/docs.min.js
 create mode 100644 themes/hugo-sustain/static/js/ie10-viewport-bug-workaround.js
 create mode 100644 themes/hugo-sustain/static/js/main.js
 create mode 100644 themes/hugo-sustain/theme.toml
]0;/stor/home/amd5355/Website]0;amd5355@educcomp01: ~/Website[01;32mamd5355@educcomp01[00m:[01;34m~/Website[00m$ git remote add origin https://github.ccom/USERNAME/WEBSITE_REPOSITORY.git #re
]0;/stor/home/amd5355/Website]0;amd5355@educcomp01: ~/Website[01;32mamd5355@educcomp01[00m:[01;34m~/Website[00m$ git push origin master[K[K[K[K[K[K[K[K[K[K[K[K[K[K[K[K[K[K[K[K[K[Kcd ~/Desktop/Website #if you haven't aalready
to be uploaded
git commit -m "first website commit"
git remote add origin https://github.com/anadandy/Website.git #re
git push origin masterbash: cd: /stor/home/amd5355/Desktop/Website: No such file or directory
]0;/stor/home/amd5355/Website]0;amd5355@educcomp01: ~/Website[01;32mamd5355@educcomp01[00m:[01;34m~/Website[00m$ 
]0;/stor/home/amd5355/Website]0;amd5355@educcomp01: ~/Website[01;32mamd5355@educcomp01[00m:[01;34m~/Website[00m$ git init #initialize local git resposiitory
Reinitialized existing Git repository in /stor/home/amd5355/Website/.git/
]0;/stor/home/amd5355/Website]0;amd5355@educcomp01: ~/Website[01;32mamd5355@educcomp01[00m:[01;34m~/Website[00m$ git add . #add all files in repositoryy to be uploaded
]0;/stor/home/amd5355/Website]0;amd5355@educcomp01: ~/Website[01;32mamd5355@educcomp01[00m:[01;34m~/Website[00m$ git commit -m "first website commit"
[master d007757] first website commit
 Committer: Ana Dandy <amd5355@educcomp01.ccbb.utexas.edu>
Your name and email address were configured automatically based
on your username and hostname. Please check that they are accurate.
You can suppress this message by setting them explicitly. Run the
following command and follow the instructions in your editor to edit
your configuration file:

    git config --global --edit

After doing this, you may fix the identity used for this commit with:

    git commit --amend --reset-author

 3 files changed, 205 insertions(+), 2 deletions(-)
]0;/stor/home/amd5355/Website]0;amd5355@educcomp01: ~/Website[01;32mamd5355@educcomp01[00m:[01;34m~/Website[00m$ git remote add origin https://github.ccom/anadandy/Website.git #re
fatal: remote origin already exists.
]0;/stor/home/amd5355/Website]0;amd5355@educcomp01: ~/Website[01;32mamd5355@educcomp01[00m:[01;34m~/Website[00m$ git push origin master
Username for 'https://github.com': anadandy
Password for 'https://anadandy@github.com': 
remote: Invalid username or password.
fatal: Authentication failed for 'https://github.com/USERNAME/WEBSITE_REPOSITORY.git/'
]0;/stor/home/amd5355/Website]0;amd5355@educcomp01: ~/Website[01;32mamd5355@educcomp01[00m:[01;34m~/Website[00m$ cd ~/Desktop/Website #if you haven't aalready
bash: cd: /stor/home/amd5355/Desktop/Website: No such file or directory
]0;/stor/home/amd5355/Website]0;amd5355@educcomp01: ~/Website[01;32mamd5355@educcomp01[00m:[01;34m~/Website[00m$ 
]0;/stor/home/amd5355/Website]0;amd5355@educcomp01: ~/Website[01;32mamd5355@educcomp01[00m:[01;34m~/Website[00m$ git init #initialize local git resposiitory
Reinitialized existing Git repository in /stor/home/amd5355/Website/.git/
]0;/stor/home/amd5355/Website]0;amd5355@educcomp01: ~/Website[01;32mamd5355@educcomp01[00m:[01;34m~/Website[00m$ git add . #add all files in repositoryy to be uploaded
]0;/stor/home/amd5355/Website]0;amd5355@educcomp01: ~/Website[01;32mamd5355@educcomp01[00m:[01;34m~/Website[00m$ git commit -m "first website commit"
[master fdf764d] first website commit
 Committer: Ana Dandy <amd5355@educcomp01.ccbb.utexas.edu>
Your name and email address were configured automatically based
on your username and hostname. Please check that they are accurate.
You can suppress this message by setting them explicitly. Run the
following command and follow the instructions in your editor to edit
your configuration file:

    git config --global --edit

After doing this, you may fix the identity used for this commit with:

    git commit --amend --reset-author

 1 file changed, 29 insertions(+)
]0;/stor/home/amd5355/Website]0;amd5355@educcomp01: ~/Website[01;32mamd5355@educcomp01[00m:[01;34m~/Website[00m$ git remote add origin https://github.ccom/anadandy/Website.git #re
fatal: remote origin already exists.
]0;/stor/home/amd5355/Website]0;amd5355@educcomp01: ~/Website[01;32mamd5355@educcomp01[00m:[01;34m~/Website[00m$ git push origin master
Username for 'https://github.com': anadn andy
Password for 'https://anadandy@github.com': 
remote: Repository not found.
fatal: repository 'https://github.com/USERNAME/WEBSITE_REPOSITORY.git/' not found
]0;/stor/home/amd5355/Website]0;amd5355@educcomp01: ~/Website[01;32mamd5355@educcomp01[00m:[01;34m~/Website[00m$ cd ~/Desktop/Website #if you haven't aalready
bash: cd: /stor/home/amd5355/Desktop/Website: No such file or directory
]0;/stor/home/amd5355/Website]0;amd5355@educcomp01: ~/Website[01;32mamd5355@educcomp01[00m:[01;34m~/Website[00m$ 
]0;/stor/home/amd5355/Website]0;amd5355@educcomp01: ~/Website[01;32mamd5355@educcomp01[00m:[01;34m~/Website[00m$ git init #initialize local git resposiitory
Reinitialized existing Git repository in /stor/home/amd5355/Website/.git/
]0;/stor/home/amd5355/Website]0;amd5355@educcomp01: ~/Website[01;32mamd5355@educcomp01[00m:[01;34m~/Website[00m$ git add . #add all files in repositoryy to be uploaded
]0;/stor/home/amd5355/Website]0;amd5355@educcomp01: ~/Website[01;32mamd5355@educcomp01[00m:[01;34m~/Website[00m$ git commit -m "first website commit"
[master a274411] first website commit
 Committer: Ana Dandy <amd5355@educcomp01.ccbb.utexas.edu>
Your name and email address were configured automatically based
on your username and hostname. Please check that they are accurate.
You can suppress this message by setting them explicitly. Run the
following command and follow the instructions in your editor to edit
your configuration file:

    git config --global --edit

After doing this, you may fix the identity used for this commit with:

    git commit --amend --reset-author

 1 file changed, 24 insertions(+)
]0;/stor/home/amd5355/Website]0;amd5355@educcomp01: ~/Website[01;32mamd5355@educcomp01[00m:[01;34m~/Website[00m$ git remote add origin https://github.ccom/anadandy/Website.git #re
fatal: remote origin already exists.
]0;/stor/home/amd5355/Website]0;amd5355@educcomp01: ~/Website[01;32mamd5355@educcomp01[00m:[01;34m~/Website[00m$ git push origin master
Username for 'https://github.com': anadad ndy
Password for 'https://anadandy@github.com': 
remote: Repository not found.
fatal: repository 'https://github.com/USERNAME/WEBSITE_REPOSITORY.git/' not found
]0;/stor/home/amd5355/Website]0;amd5355@educcomp01: ~/Website[01;32mamd5355@educcomp01[00m:[01;34m~/Website[00m$ cd ~/stor/home/amd5355/Website #if youu haven't already
bash: cd: /stor/home/amd5355/stor/home/amd5355/Website: No such file or directory
]0;/stor/home/amd5355/Website]0;amd5355@educcomp01: ~/Website[01;32mamd5355@educcomp01[00m:[01;34m~/Website[00m$ 
]0;/stor/home/amd5355/Website]0;amd5355@educcomp01: ~/Website[01;32mamd5355@educcomp01[00m:[01;34m~/Website[00m$ git init #initialize local git resposiitory
epository to be uploaded
git commit -m "first website commit"
git remote add origin https://github.com/anadandy/Website.git #re
git push origin masterReinitialized existing Git repository in /stor/home/amd5355/Website/.git/
]0;/stor/home/amd5355/Website]0;amd5355@educcomp01: ~/Website[01;32mamd5355@educcomp01[00m:[01;34m~/Website[00m$ git add . #add all files in repositoryy to be uploaded
]0;/stor/home/amd5355/Website]0;amd5355@educcomp01: ~/Website[01;32mamd5355@educcomp01[00m:[01;34m~/Website[00m$ git commit -m "first website commit"
[master ddebbd2] first website commit
 Committer: Ana Dandy <amd5355@educcomp01.ccbb.utexas.edu>
Your name and email address were configured automatically based
on your username and hostname. Please check that they are accurate.
You can suppress this message by setting them explicitly. Run the
following command and follow the instructions in your editor to edit
your configuration file:

    git config --global --edit

After doing this, you may fix the identity used for this commit with:

    git commit --amend --reset-author

 3 files changed, 41 insertions(+), 3 deletions(-)
]0;/stor/home/amd5355/Website]0;amd5355@educcomp01: ~/Website[01;32mamd5355@educcomp01[00m:[01;34m~/Website[00m$ git remote add origin https://github.ccom/anadandy/Website.git #re
fatal: remote origin already exists.
]0;/stor/home/amd5355/Website]0;amd5355@educcomp01: ~/Website[01;32mamd5355@educcomp01[00m:[01;34m~/Website[00m$ git push origin master
Username for 'https://github.com': anadandy
Password for 'https://anadandy@github.com': 
remote: Repository not found.
fatal: repository 'https://github.com/USERNAME/WEBSITE_REPOSITORY.git/' not found
]0;/stor/home/amd5355/Website]0;amd5355@educcomp01: ~/Website[01;32mamd5355@educcomp01[00m:[01;34m~/Website[00m$ git remote set-url origin https://githhub.com/anadandy/Website.git
]0;/stor/home/amd5355/Website]0;amd5355@educcomp01: ~/Website[01;32mamd5355@educcomp01[00m:[01;34m~/Website[00m$ git push origin master
Username for 'https://github.com': aa nadandy
Password for 'https://anadandy@github.com': 
Counting objects: 224, done.
Delta compression using up to 16 threads.
Compressing objects:   0% (1/201)   Compressing objects:   1% (3/201)   Compressing objects:   2% (5/201)   Compressing objects:   3% (7/201)   Compressing objects:   4% (9/201)   Compressing objects:   5% (11/201)   Compressing objects:   6% (13/201)   Compressing objects:   7% (15/201)   Compressing objects:   8% (17/201)   Compressing objects:   9% (19/201)   Compressing objects:  10% (21/201)   Compressing objects:  11% (23/201)   Compressing objects:  12% (25/201)   Compressing objects:  13% (27/201)   Compressing objects:  14% (29/201)   Compressing objects:  15% (31/201)   Compressing objects:  16% (33/201)   Compressing objects:  17% (35/201)   Compressing objects:  18% (37/201)   Compressing objects:  19% (39/201)   Compressing objects:  20% (41/201)   Compressing objects:  21% (43/201)   Compressing objects:  22% (45/201)   Compressing objects:  23% (47/201)   Compressing objects:  24% (49/201)   Compressing objects:  25% (51/201)   Compressing objects:  26% (53/201)   Compressing objects:  27% (55/201)   Compressing objects:  28% (57/201)   Compressing objects:  29% (59/201)   Compressing objects:  30% (61/201)   Compressing objects:  31% (63/201)   Compressing objects:  32% (65/201)   Compressing objects:  33% (67/201)   Compressing objects:  34% (69/201)   Compressing objects:  35% (71/201)   Compressing objects:  36% (73/201)   Compressing objects:  37% (75/201)   Compressing objects:  38% (77/201)   Compressing objects:  39% (79/201)   Compressing objects:  40% (81/201)   Compressing objects:  41% (83/201)   Compressing objects:  42% (85/201)   Compressing objects:  43% (87/201)   Compressing objects:  44% (89/201)   Compressing objects:  45% (91/201)   Compressing objects:  46% (93/201)   Compressing objects:  47% (95/201)   Compressing objects:  48% (97/201)   Compressing objects:  49% (99/201)   Compressing objects:  50% (101/201)   Compressing objects:  51% (103/201)   Compressing objects:  52% (105/201)   Compressing objects:  53% (107/201)   Compressing objects:  54% (109/201)   Compressing objects:  55% (111/201)   Compressing objects:  56% (113/201)   Compressing objects:  57% (115/201)   Compressing objects:  58% (117/201)   Compressing objects:  59% (119/201)   Compressing objects:  60% (121/201)   Compressing objects:  61% (123/201)   Compressing objects:  62% (125/201)   Compressing objects:  63% (127/201)   Compressing objects:  64% (129/201)   Compressing objects:  65% (131/201)   Compressing objects:  66% (133/201)   Compressing objects:  67% (135/201)   Compressing objects:  68% (137/201)   Compressing objects:  69% (139/201)   Compressing objects:  70% (141/201)   Compressing objects:  71% (143/201)   Compressing objects:  72% (145/201)   Compressing objects:  73% (147/201)   Compressing objects:  74% (149/201)   Compressing objects:  75% (151/201)   Compressing objects:  76% (153/201)   Compressing objects:  77% (155/201)   Compressing objects:  78% (157/201)   Compressing objects:  79% (159/201)   Compressing objects:  80% (161/201)   Compressing objects:  81% (163/201)   Compressing objects:  82% (165/201)   Compressing objects:  83% (167/201)   Compressing objects:  84% (169/201)   Compressing objects:  85% (171/201)   Compressing objects:  86% (173/201)   Compressing objects:  87% (175/201)   Compressing objects:  88% (177/201)   Compressing objects:  89% (179/201)   Compressing objects:  90% (181/201)   Compressing objects:  91% (183/201)   Compressing objects:  92% (185/201)   Compressing objects:  93% (187/201)   Compressing objects:  94% (189/201)   Compressing objects:  95% (191/201)   Compressing objects:  96% (193/201)   Compressing objects:  97% (195/201)   Compressing objects:  98% (197/201)   Compressing objects:  99% (199/201)   Compressing objects: 100% (201/201)   Compressing objects: 100% (201/201), done.
Writing objects:   0% (1/224)   Writing objects:   1% (3/224)   Writing objects:   2% (5/224)   Writing objects:   3% (7/224)   Writing objects:   4% (9/224)   Writing objects:   5% (12/224)   Writing objects:   6% (14/224)   Writing objects:   7% (16/224)   Writing objects:   8% (18/224)   Writing objects:   9% (21/224)   Writing objects:  10% (23/224)   Writing objects:  11% (25/224)   Writing objects:  12% (27/224)   Writing objects:  13% (30/224)   Writing objects:  14% (32/224)   Writing objects:  15% (34/224)   Writing objects:  16% (36/224)   Writing objects:  17% (39/224)   Writing objects:  18% (41/224)   Writing objects:  19% (43/224)   Writing objects:  20% (45/224)   Writing objects:  21% (49/224)   Writing objects:  22% (51/224)   Writing objects:  23% (52/224)   Writing objects:  24% (54/224)   Writing objects:  25% (56/224)   Writing objects:  25% (57/224), 616.00 KiB | 753.00 KiB/s   Writing objects:  26% (59/224), 616.00 KiB | 753.00 KiB/s   Writing objects:  27% (61/224), 616.00 KiB | 753.00 KiB/s   Writing objects:  28% (64/224), 616.00 KiB | 753.00 KiB/s   Writing objects:  29% (65/224), 616.00 KiB | 753.00 KiB/s   Writing objects:  30% (68/224), 616.00 KiB | 753.00 KiB/s   Writing objects:  31% (70/224), 616.00 KiB | 753.00 KiB/s   Writing objects:  32% (72/224), 616.00 KiB | 753.00 KiB/s   Writing objects:  33% (76/224), 616.00 KiB | 753.00 KiB/s   Writing objects:  34% (77/224), 616.00 KiB | 753.00 KiB/s   Writing objects:  35% (79/224), 616.00 KiB | 753.00 KiB/s   Writing objects:  36% (81/224), 616.00 KiB | 753.00 KiB/s   Writing objects:  37% (83/224), 616.00 KiB | 753.00 KiB/s   Writing objects:  38% (86/224), 616.00 KiB | 753.00 KiB/s   Writing objects:  39% (89/224), 616.00 KiB | 753.00 KiB/s   Writing objects:  40% (90/224), 616.00 KiB | 753.00 KiB/s   Writing objects:  41% (93/224), 616.00 KiB | 753.00 KiB/s   Writing objects:  42% (95/224), 616.00 KiB | 753.00 KiB/s   Writing objects:  43% (98/224), 616.00 KiB | 753.00 KiB/s   Writing objects:  44% (99/224), 616.00 KiB | 753.00 KiB/s   Writing objects:  45% (101/224), 616.00 KiB | 753.00 KiB/s   Writing objects:  46% (104/224), 616.00 KiB | 753.00 KiB/s   Writing objects:  47% (106/224), 616.00 KiB | 753.00 KiB/s   Writing objects:  48% (108/224), 616.00 KiB | 753.00 KiB/s   Writing objects:  49% (110/224), 616.00 KiB | 753.00 KiB/s   Writing objects:  50% (112/224), 616.00 KiB | 753.00 KiB/s   Writing objects:  51% (115/224), 616.00 KiB | 753.00 KiB/s   Writing objects:  52% (117/224), 616.00 KiB | 753.00 KiB/s   Writing objects:  53% (119/224), 616.00 KiB | 753.00 KiB/s   Writing objects:  54% (121/224), 616.00 KiB | 753.00 KiB/s   Writing objects:  55% (124/224), 616.00 KiB | 753.00 KiB/s   Writing objects:  56% (126/224), 616.00 KiB | 753.00 KiB/s   Writing objects:  57% (128/224), 616.00 KiB | 753.00 KiB/s   Writing objects:  58% (130/224), 616.00 KiB | 753.00 KiB/s   Writing objects:  59% (133/224), 616.00 KiB | 753.00 KiB/s   Writing objects:  60% (135/224), 616.00 KiB | 753.00 KiB/s   Writing objects:  61% (137/224), 616.00 KiB | 753.00 KiB/s   Writing objects:  62% (139/224), 616.00 KiB | 753.00 KiB/s   Writing objects:  63% (142/224), 616.00 KiB | 753.00 KiB/s   Writing objects:  64% (144/224), 616.00 KiB | 753.00 KiB/s   Writing objects:  65% (146/224), 616.00 KiB | 753.00 KiB/s   Writing objects:  66% (148/224), 616.00 KiB | 753.00 KiB/s   Writing objects:  67% (151/224), 616.00 KiB | 753.00 KiB/s   Writing objects:  68% (153/224), 616.00 KiB | 753.00 KiB/s   Writing objects:  69% (155/224), 616.00 KiB | 753.00 KiB/s   Writing objects:  70% (157/224), 616.00 KiB | 753.00 KiB/s   Writing objects:  71% (160/224), 616.00 KiB | 753.00 KiB/s   Writing objects:  72% (162/224), 616.00 KiB | 753.00 KiB/s   Writing objects:  73% (164/224), 616.00 KiB | 753.00 KiB/s   Writing objects:  74% (166/224), 616.00 KiB | 753.00 KiB/s   Writing objects:  75% (168/224), 616.00 KiB | 753.00 KiB/s   Writing objects:  76% (171/224), 616.00 KiB | 753.00 KiB/s   Writing objects:  77% (173/224), 616.00 KiB | 753.00 KiB/s   Writing objects:  78% (175/224), 616.00 KiB | 753.00 KiB/s   Writing objects:  79% (177/224), 616.00 KiB | 753.00 KiB/s   Writing objects:  80% (180/224), 616.00 KiB | 753.00 KiB/s   Writing objects:  81% (182/224), 616.00 KiB | 753.00 KiB/s   Writing objects:  82% (184/224), 616.00 KiB | 753.00 KiB/s   Writing objects:  83% (186/224), 616.00 KiB | 753.00 KiB/s   Writing objects:  84% (189/224), 616.00 KiB | 753.00 KiB/s   Writing objects:  85% (191/224), 616.00 KiB | 753.00 KiB/s   Writing objects:  86% (193/224), 616.00 KiB | 753.00 KiB/s   Writing objects:  87% (195/224), 616.00 KiB | 753.00 KiB/s   Writing objects:  88% (198/224), 616.00 KiB | 753.00 KiB/s   Writing objects:  89% (200/224), 616.00 KiB | 753.00 KiB/s   Writing objects:  90% (202/224), 616.00 KiB | 753.00 KiB/s   Writing objects:  91% (204/224), 616.00 KiB | 753.00 KiB/s   Writing objects:  92% (207/224), 616.00 KiB | 753.00 KiB/s   Writing objects:  93% (209/224), 616.00 KiB | 753.00 KiB/s   Writing objects:  94% (211/224), 616.00 KiB | 753.00 KiB/s   Writing objects:  95% (213/224), 616.00 KiB | 753.00 KiB/s   Writing objects:  96% (216/224), 616.00 KiB | 753.00 KiB/s   Writing objects:  97% (218/224), 616.00 KiB | 753.00 KiB/s   Writing objects:  98% (220/224), 616.00 KiB | 753.00 KiB/s   Writing objects:  99% (222/224), 616.00 KiB | 753.00 KiB/s   Writing objects: 100% (224/224), 616.00 KiB | 753.00 KiB/s   Writing objects: 100% (224/224), 2.37 MiB | 1.89 MiB/s, done.
Total 224 (delta 57), reused 0 (delta 0)
remote: Resolving deltas:   0% (0/57)[Kremote: Resolving deltas:   7% (4/57)[Kremote: Resolving deltas:  14% (8/57)[Kremote: Resolving deltas:  17% (10/57)[Kremote: Resolving deltas:  24% (14/57)[Kremote: Resolving deltas:  28% (16/57)[Kremote: Resolving deltas:  31% (18/57)[Kremote: Resolving deltas:  33% (19/57)[Kremote: Resolving deltas:  35% (20/57)[Kremote: Resolving deltas:  36% (21/57)[Kremote: Resolving deltas:  38% (22/57)[Kremote: Resolving deltas:  40% (23/57)[Kremote: Resolving deltas:  61% (35/57)[Kremote: Resolving deltas:  66% (38/57)[Kremote: Resolving deltas:  71% (41/57)[Kremote: Resolving deltas:  75% (43/57)[Kremote: Resolving deltas:  84% (48/57)[Kremote: Resolving deltas:  89% (51/57)[Kremote: Resolving deltas:  92% (53/57)[Kremote: Resolving deltas: 100% (57/57)[Kremote: Resolving deltas: 100% (57/57), done.[K
To https://github.com/anadandy/Website.git
 * [new branch]      master -> master
[K]0;amd5355@educcomp01: ~/Website[01;32mamd5355@educcomp01[00m:[01;34m~/Website[00m$ [K]0;amd5355@educcomp01: ~/Website[01;32mamd5355@educcomp01[00m:[01;34m~/Website[00m$ git add .
